// Jest Snapshot v1, https://goo.gl/fbAQLP

exports[`renders map with provided coordinates 1`] = `
<DocumentFragment>
  <span>
    Loading...
  </span>
</DocumentFragment>
`;
